21:44:48:917 (00023332) > [Startup] Ghost of Tsushima DIRECTOR'S CUT
21:44:48:917 (00023332) > [Startup] ==============
21:44:48:917 (00023332) > [Startup] 
21:44:48:917 (00023332) > [Startup] Build: v1053.7.0809.1937
21:44:48:917 (00023332) > [Startup] Windows 10.0 (build 19045.6093)
21:44:48:917 (00023332) > [Startup] Distribution platform: Steam
21:44:48:917 (00023332) > [Startup] Game directory: D:\OneDrive\Documents\Ghost of Tsushima DIRECTOR'S CUT\
21:44:48:917 (00023332) > [Startup] Working directory: D:\SteamLibrary\steamapps\common\Ghost of Tsushima DIRECTOR'S CUT
21:44:48:917 (00023332) > [Startup] Run ID: 3970-4DE8-4CE6-014F
21:44:48:917 (00023332) > [Startup] 
21:44:48:917 (00023332) > [Startup] Memory statistics:
21:44:48:917 (00023332) > [Startup]   Total RAM = 15.9 GB (16309 MB)
21:44:48:917 (00023332) > [Startup]   Avail RAM = 9.0 GB (9261 MB)
21:44:48:917 (00023332) > [Startup]   Total virtual memory = 131072.0 GB (134217727 MB)
21:44:48:917 (00023332) > [Startup]   Avail virtual memory = 131066.7 GB (134212282 MB)
21:44:48:917 (00023332) > [Startup]   Total page file = 76.7 GB (78505 MB)
21:44:48:917 (00023332) > [Startup]   Avail page file = 62.1 GB (63567 MB)
21:44:48:917 (00023332) > [Startup] 
21:44:48:917 (00023332) > [Steam] Initializing.
21:44:48:985 (00023332) > [Steam] Successfully initialized.
21:44:48:986 (00023332) > [Steam] Currently connected to 0 remote sessions
21:44:48:986 (00023332) > [Steam] Steam beta branch: unknown
21:44:49:105 (00023332) > [NxApp] PreInit
21:44:49:105 (00023332) > [NxProcessorInfo] Processor info:
21:44:49:105 (00023332) > [NxProcessorInfo] 	Description:             	AMD Ryzen 7 5700X3D 8-Core Processor           
21:44:49:105 (00023332) > [NxProcessorInfo] 	NumaNode Count:    	0
21:44:49:105 (00023332) > [NxProcessorInfo] 	Group Count:       	1
21:44:49:105 (00023332) > [NxProcessorInfo] 	Physical Core:     	8
21:44:49:105 (00023332) > [NxProcessorInfo] 	Logical  Core:     	16
21:44:49:105 (00023332) > [NxProcessorInfo] 	Distinct L3 Cache: 	1
21:44:49:105 (00023332) > [NxProcessorInfo] 	Family:            	25
21:44:49:105 (00023332) > [NxProcessorInfo] 	Model:             	33
21:44:49:105 (00023332) > [NxProcessorInfo] 	Name:              	AMD Ryzen 7 5700X3D 8-Core Processor           
21:44:49:105 (00023332) > [NxProcessorInfo] 	AVX:               	1
21:44:49:105 (00023332) > [NxProcessorInfo] 	F16C:              	1
21:44:49:105 (00023332) > [NxProcessorInfo] 	AVX2:              	1
21:44:49:105 (00023332) > [NxProcessorInfo] 	NormalAffinity(auto)
21:44:49:106 (00023332) > [SwapChain] Initializing...
21:44:49:106 (00023332) > [DXGI] Initializing...
21:44:49:334 (00023332) > [NxApp] Streamline was successfully initialized.
21:44:49:336 (00023332) > [DXGI] Successfully initialized.
21:44:49:336 (00023332) > [Render] Enumerating adapters:
21:44:49:336 (00023332) > [Render] 	Adapter 0:
21:44:49:336 (00023332) > [Monitor] 		Description             : NVIDIA GeForce RTX 4060 Ti
21:44:49:336 (00023332) > [Monitor] 		Vendor                  : nVidia (10de)
21:44:49:336 (00023332) > [Monitor] 		Device                  : 2803
21:44:49:336 (00023332) > [Monitor] 		Sub system              : 771719da
21:44:49:336 (00023332) > [Monitor] 		Revision                : 161
21:44:49:336 (00023332) > [Monitor] 		Dedicated Video Memory  : 16109 MB
21:44:49:336 (00023332) > [Monitor] 		Dedicated System Memory : 0000 MB
21:44:49:336 (00023332) > [Monitor] 		Shared System Memory    : 8154 MB
21:44:49:336 (00023332) > [Monitor] 
21:44:49:336 (00023332) > [Render] Loading NVAPI...
21:44:49:342 (00023332) > [Render] Done loading NVAPI
21:44:49:342 (00023332) > [Render] 	Adapter 1:
21:44:49:342 (00023332) > [Monitor] 		Description             : Microsoft Basic Render Driver
21:44:49:342 (00023332) > [Monitor] 		Vendor                  : Unknown (1414)
21:44:49:342 (00023332) > [Monitor] 		Device                  : 8c
21:44:49:342 (00023332) > [Monitor] 		Sub system              : 0
21:44:49:342 (00023332) > [Monitor] 		Revision                : 0
21:44:49:342 (00023332) > [Monitor] 		Dedicated Video Memory  : 0000 MB
21:44:49:342 (00023332) > [Monitor] 		Dedicated System Memory : 0000 MB
21:44:49:342 (00023332) > [Monitor] 		Shared System Memory    : 8154 MB
21:44:49:342 (00023332) > [Monitor] 
21:44:49:342 (00023332) > [Render] Enumerating monitors:
21:44:49:343 (00023332) > [Render] 	Monitor 0: handle = 0000000000010001, aspect = 1.78, rounded aspect = 1.78
21:44:49:343 (00023332) > [Render] 	Monitor 1: handle = 0000000000010003, aspect = 1.78, rounded aspect = 1.78
21:44:49:343 (00023332) > [Render] 
21:44:49:346 (00023332) > [Render] 	Monitor handle = 0000000000010001, pixel aspect ratio = 1.00
21:44:49:349 (00023332) > [Render] 	Monitor handle = 0000000000010003, pixel aspect ratio = 1.00
21:44:49:349 (00023332) > [SwapChain] Successfully initialized.
21:44:49:349 (00023332) > [Render] Enumerating Display Modes:
21:44:49:351 (00023332) > [Render] Querying NVAPI for Surround modes
21:44:49:635 (00023332) > [Render] NvAPI_Mosaic_GetDisplayViewportsByResolution() - no surround modes detected
21:44:49:635 (00023332) > [Render] Querying NVAPI for Surround modes
21:44:49:676 (00023332) > [Render] NvAPI_Mosaic_GetDisplayViewportsByResolution() - no surround modes detected
21:44:49:676 (00023332) > [Render] 	Monitor '1 (NVIDIA GeForce RTX 4060 Ti(1))' (0000000000010001): rect(0 1920 0 1080)
21:44:49:676 (00023332) > [Render] 		- Mode  0 :  800 x  600 @  75 Hz, stereo = 0, hdr = 0 exclusive = 0
21:44:49:676 (00023332) > [Render] 		- Mode  1 :  800 x  600 @ 144 Hz, stereo = 0, hdr = 0 exclusive = 0
21:44:49:676 (00023332) > [Render] 		- Mode  2 :  800 x  600 @ 144 Hz, stereo = 0, hdr = 0 exclusive = 0
21:44:49:676 (00023332) > [Render] 		- Mode  3 :  800 x  600 @  56 Hz, stereo = 0, hdr = 0 exclusive = 0
21:44:49:676 (00023332) > [Render] 		- Mode  4 :  800 x  600 @  60 Hz, stereo = 0, hdr = 0 exclusive = 0
21:44:49:676 (00023332) > [Render] 		- Mode  5 :  800 x  600 @  72 Hz, stereo = 0, hdr = 0 exclusive = 0
21:44:49:676 (00023332) > [Render] 		- Mode  6 :  800 x  600 @ 100 Hz, stereo = 0, hdr = 0 exclusive = 0
21:44:49:676 (00023332) > [Render] 		- Mode  7 :  800 x  600 @ 120 Hz, stereo = 0, hdr = 0 exclusive = 0
21:44:49:676 (00023332) > [Render] 		- Mode  8 :  800 x  600 @ 120 Hz, stereo = 0, hdr = 0 exclusive = 0
21:44:49:676 (00023332) > [Render] 		- Mode  9 :  800 x  600 @ 120 Hz, stereo = 0, hdr = 0 exclusive = 0
21:44:49:676 (00023332) > [Render] 		- Mode 10 : 1024 x  768 @ 144 Hz, stereo = 0, hdr = 0 exclusive = 0
21:44:49:676 (00023332) > [Render] 		- Mode 11 : 1024 x  768 @ 144 Hz, stereo = 0, hdr = 0 exclusive = 0
21:44:49:676 (00023332) > [Render] 		- Mode 12 : 1024 x  768 @  60 Hz, stereo = 0, hdr = 0 exclusive = 0
21:44:49:676 (00023332) > [Render] 		- Mode 13 : 1024 x  768 @  70 Hz, stereo = 0, hdr = 0 exclusive = 0
21:44:49:676 (00023332) > [Render] 		- Mode 14 : 1024 x  768 @  75 Hz, stereo = 0, hdr = 0 exclusive = 0
21:44:49:676 (00023332) > [Render] 		- Mode 15 : 1024 x  768 @ 100 Hz, stereo = 0, hdr = 0 exclusive = 0
21:44:49:676 (00023332) > [Render] 		- Mode 16 : 1024 x  768 @ 120 Hz, stereo = 0, hdr = 0 exclusive = 0
21:44:49:676 (00023332) > [Render] 		- Mode 17 : 1024 x  768 @ 120 Hz, stereo = 0, hdr = 0 exclusive = 0
21:44:49:676 (00023332) > [Render] 		- Mode 18 : 1024 x  768 @ 120 Hz, stereo = 0, hdr = 0 exclusive = 0
21:44:49:676 (00023332) > [Render] 		- Mode 19 : 1152 x  864 @ 120 Hz, stereo = 0, hdr = 0 exclusive = 0
21:44:49:676 (00023332) > [Render] 		- Mode 20 : 1152 x  864 @ 120 Hz, stereo = 0, hdr = 0 exclusive = 0
21:44:49:676 (00023332) > [Render] 		- Mode 21 : 1152 x  864 @ 144 Hz, stereo = 0, hdr = 0 exclusive = 0
21:44:49:676 (00023332) > [Render] 		- Mode 22 : 1152 x  864 @ 144 Hz, stereo = 0, hdr = 0 exclusive = 0
21:44:49:676 (00023332) > [Render] 		- Mode 23 : 1152 x  864 @  60 Hz, stereo = 0, hdr = 0 exclusive = 0
21:44:49:676 (00023332) > [Render] 		- Mode 24 : 1152 x  864 @  60 Hz, stereo = 0, hdr = 0 exclusive = 0
21:44:49:676 (00023332) > [Render] 		- Mode 25 : 1152 x  864 @  75 Hz, stereo = 0, hdr = 0 exclusive = 0
21:44:49:676 (00023332) > [Render] 		- Mode 26 : 1152 x  864 @  75 Hz, stereo = 0, hdr = 0 exclusive = 0
21:44:49:676 (00023332) > [Render] 		- Mode 27 : 1152 x  864 @ 100 Hz, stereo = 0, hdr = 0 exclusive = 0
21:44:49:676 (00023332) > [Render] 		- Mode 28 : 1152 x  864 @ 100 Hz, stereo = 0, hdr = 0 exclusive = 0
21:44:49:676 (00023332) > [Render] 		- Mode 29 : 1152 x  864 @ 120 Hz, stereo = 0, hdr = 0 exclusive = 0
21:44:49:676 (00023332) > [Render] 		- Mode 30 : 1152 x  864 @ 120 Hz, stereo = 0, hdr = 0 exclusive = 0
21:44:49:676 (00023332) > [Render] 		- Mode 31 : 1176 x  664 @  50 Hz, stereo = 0, hdr = 0 exclusive = 0
21:44:49:676 (00023332) > [Render] 		- Mode 32 : 1176 x  664 @  50 Hz, stereo = 0, hdr = 0 exclusive = 0
21:44:49:676 (00023332) > [Render] 		- Mode 33 : 1176 x  664 @  60 Hz, stereo = 0, hdr = 0 exclusive = 0
21:44:49:676 (00023332) > [Render] 		- Mode 34 : 1176 x  664 @  60 Hz, stereo = 0, hdr = 0 exclusive = 0
21:44:49:676 (00023332) > [Render] 		- Mode 35 : 1176 x  664 @ 120 Hz, stereo = 0, hdr = 0 exclusive = 0
21:44:49:677 (00023332) > [Render] 		- Mode 36 : 1176 x  664 @ 120 Hz, stereo = 0, hdr = 0 exclusive = 0
21:44:49:677 (00023332) > [Render] 		- Mode 37 : 1176 x  664 @ 144 Hz, stereo = 0, hdr = 0 exclusive = 0
21:44:49:677 (00023332) > [Render] 		- Mode 38 : 1176 x  664 @ 144 Hz, stereo = 0, hdr = 0 exclusive = 0
21:44:49:677 (00023332) > [Render] 		- Mode 39 : 1176 x  664 @  60 Hz, stereo = 0, hdr = 0 exclusive = 0
21:44:49:677 (00023332) > [Render] 		- Mode 40 : 1176 x  664 @  60 Hz, stereo = 0, hdr = 0 exclusive = 0
21:44:49:677 (00023332) > [Render] 		- Mode 41 : 1176 x  664 @ 100 Hz, stereo = 0, hdr = 0 exclusive = 0
21:44:49:677 (00023332) > [Render] 		- Mode 42 : 1176 x  664 @ 100 Hz, stereo = 0, hdr = 0 exclusive = 0
21:44:49:677 (00023332) > [Render] 		- Mode 43 : 1176 x  664 @ 120 Hz, stereo = 0, hdr = 0 exclusive = 0
21:44:49:677 (00023332) > [Render] 		- Mode 44 : 1176 x  664 @ 120 Hz, stereo = 0, hdr = 0 exclusive = 0
21:44:49:677 (00023332) > [Render] 		- Mode 45 : 1280 x  720 @  50 Hz, stereo = 0, hdr = 0 exclusive = 0
21:44:49:677 (00023332) > [Render] 		- Mode 46 : 1280 x  720 @  60 Hz, stereo = 0, hdr = 0 exclusive = 0
21:44:49:677 (00023332) > [Render] 		- Mode 47 : 1280 x  720 @ 120 Hz, stereo = 0, hdr = 0 exclusive = 0
21:44:49:677 (00023332) > [Render] 		- Mode 48 : 1280 x  720 @ 120 Hz, stereo = 0, hdr = 0 exclusive = 0
21:44:49:677 (00023332) > [Render] 		- Mode 49 : 1280 x  720 @ 144 Hz, stereo = 0, hdr = 0 exclusive = 0
21:44:49:677 (00023332) > [Render] 		- Mode 50 : 1280 x  720 @ 144 Hz, stereo = 0, hdr = 0 exclusive = 0
21:44:49:677 (00023332) > [Render] 		- Mode 51 : 1280 x  720 @  60 Hz, stereo = 0, hdr = 0 exclusive = 0
21:44:49:677 (00023332) > [Render] 		- Mode 52 : 1280 x  720 @ 100 Hz, stereo = 0, hdr = 0 exclusive = 0
21:44:49:677 (00023332) > [Render] 		- Mode 53 : 1280 x  720 @ 100 Hz, stereo = 0, hdr = 0 exclusive = 0
21:44:49:677 (00023332) > [Render] 		- Mode 54 : 1280 x  720 @ 120 Hz, stereo = 0, hdr = 0 exclusive = 0
21:44:49:677 (00023332) > [Render] 		- Mode 55 : 1280 x  720 @ 120 Hz, stereo = 0, hdr = 0 exclusive = 0
21:44:49:677 (00023332) > [Render] 		- Mode 56 : 1280 x  768 @ 120 Hz, stereo = 0, hdr = 0 exclusive = 0
21:44:49:677 (00023332) > [Render] 		- Mode 57 : 1280 x  768 @ 120 Hz, stereo = 0, hdr = 0 exclusive = 0
21:44:49:677 (00023332) > [Render] 		- Mode 58 : 1280 x  768 @ 144 Hz, stereo = 0, hdr = 0 exclusive = 0
21:44:49:677 (00023332) > [Render] 		- Mode 59 : 1280 x  768 @ 144 Hz, stereo = 0, hdr = 0 exclusive = 0
21:44:49:677 (00023332) > [Render] 		- Mode 60 : 1280 x  768 @  60 Hz, stereo = 0, hdr = 0 exclusive = 0
21:44:49:677 (00023332) > [Render] 		- Mode 61 : 1280 x  768 @  60 Hz, stereo = 0, hdr = 0 exclusive = 0
21:44:49:677 (00023332) > [Render] 		- Mode 62 : 1280 x  768 @  75 Hz, stereo = 0, hdr = 0 exclusive = 0
21:44:49:677 (00023332) > [Render] 		- Mode 63 : 1280 x  768 @  75 Hz, stereo = 0, hdr = 0 exclusive = 0
21:44:49:677 (00023332) > [Render] 		- Mode 64 : 1280 x  768 @ 100 Hz, stereo = 0, hdr = 0 exclusive = 0
21:44:49:677 (00023332) > [Render] 		- Mode 65 : 1280 x  768 @ 100 Hz, stereo = 0, hdr = 0 exclusive = 0
21:44:49:677 (00023332) > [Render] 		- Mode 66 : 1280 x  768 @ 120 Hz, stereo = 0, hdr = 0 exclusive = 0
21:44:49:677 (00023332) > [Render] 		- Mode 67 : 1280 x  768 @ 120 Hz, stereo = 0, hdr = 0 exclusive = 0
21:44:49:677 (00023332) > [Render] 		- Mode 68 : 1280 x  800 @ 120 Hz, stereo = 0, hdr = 0 exclusive = 0
21:44:49:677 (00023332) > [Render] 		- Mode 69 : 1280 x  800 @ 120 Hz, stereo = 0, hdr = 0 exclusive = 0
21:44:49:677 (00023332) > [Render] 		- Mode 70 : 1280 x  800 @ 144 Hz, stereo = 0, hdr = 0 exclusive = 0
21:44:49:677 (00023332) > [Render] 		- Mode 71 : 1280 x  800 @ 144 Hz, stereo = 0, hdr = 0 exclusive = 0
21:44:49:677 (00023332) > [Render] 		- Mode 72 : 1280 x  800 @  60 Hz, stereo = 0, hdr = 0 exclusive = 0
21:44:49:677 (00023332) > [Render] 		- Mode 73 : 1280 x  800 @  60 Hz, stereo = 0, hdr = 0 exclusive = 0
21:44:49:677 (00023332) > [Render] 		- Mode 74 : 1280 x  800 @  75 Hz, stereo = 0, hdr = 0 exclusive = 0
21:44:49:677 (00023332) > [Render] 		- Mode 75 : 1280 x  800 @  75 Hz, stereo = 0, hdr = 0 exclusive = 0
21:44:49:677 (00023332) > [Render] 		- Mode 76 : 1280 x  800 @ 100 Hz, stereo = 0, hdr = 0 exclusive = 0
21:44:49:677 (00023332) > [Render] 		- Mode 77 : 1280 x  800 @ 100 Hz, stereo = 0, hdr = 0 exclusive = 0
21:44:49:677 (00023332) > [Render] 		- Mode 78 : 1280 x  800 @ 120 Hz, stereo = 0, hdr = 0 exclusive = 0
21:44:49:677 (00023332) > [Render] 		- Mode 79 : 1280 x  800 @ 120 Hz, stereo = 0, hdr = 0 exclusive = 0
21:44:49:677 (00023332) > [Render] 		- Mode 80 : 1280 x  960 @ 120 Hz, stereo = 0, hdr = 0 exclusive = 0
21:44:49:677 (00023332) > [Render] 		- Mode 81 : 1280 x  960 @ 120 Hz, stereo = 0, hdr = 0 exclusive = 0
21:44:49:677 (00023332) > [Render] 		- Mode 82 : 1280 x  960 @ 144 Hz, stereo = 0, hdr = 0 exclusive = 0
21:44:49:677 (00023332) > [Render] 		- Mode 83 : 1280 x  960 @ 144 Hz, stereo = 0, hdr = 0 exclusive = 0
21:44:49:677 (00023332) > [Render] 		- Mode 84 : 1280 x  960 @  60 Hz, stereo = 0, hdr = 0 exclusive = 0
21:44:49:677 (00023332) > [Render] 		- Mode 85 : 1280 x  960 @  60 Hz, stereo = 0, hdr = 0 exclusive = 0
21:44:49:677 (00023332) > [Render] 		- Mode 86 : 1280 x  960 @  75 Hz, stereo = 0, hdr = 0 exclusive = 0
21:44:49:677 (00023332) > [Render] 		- Mode 87 : 1280 x  960 @  75 Hz, stereo = 0, hdr = 0 exclusive = 0
21:44:49:677 (00023332) > [Render] 		- Mode 88 : 1280 x  960 @ 100 Hz, stereo = 0, hdr = 0 exclusive = 0
21:44:49:677 (00023332) > [Render] 		- Mode 89 : 1280 x  960 @ 100 Hz, stereo = 0, hdr = 0 exclusive = 0
21:44:49:677 (00023332) > [Render] 		- Mode 90 : 1280 x  960 @ 120 Hz, stereo = 0, hdr = 0 exclusive = 0
21:44:49:677 (00023332) > [Render] 		- Mode 91 : 1280 x  960 @ 120 Hz, stereo = 0, hdr = 0 exclusive = 0
21:44:49:677 (00023332) > [Render] 		- Mode 92 : 1280 x 1024 @ 120 Hz, stereo = 0, hdr = 0 exclusive = 0
21:44:49:677 (00023332) > [Render] 		- Mode 93 : 1280 x 1024 @ 120 Hz, stereo = 0, hdr = 0 exclusive = 0
21:44:49:677 (00023332) > [Render] 		- Mode 94 : 1280 x 1024 @ 144 Hz, stereo = 0, hdr = 0 exclusive = 0
21:44:49:677 (00023332) > [Render] 		- Mode 95 : 1280 x 1024 @ 144 Hz, stereo = 0, hdr = 0 exclusive = 0
21:44:49:677 (00023332) > [Render] 		- Mode 96 : 1280 x 1024 @  60 Hz, stereo = 0, hdr = 0 exclusive = 0
21:44:49:677 (00023332) > [Render] 		- Mode 97 : 1280 x 1024 @  75 Hz, stereo = 0, hdr = 0 exclusive = 0
21:44:49:677 (00023332) > [Render] 		- Mode 98 : 1280 x 1024 @ 100 Hz, stereo = 0, hdr = 0 exclusive = 0
21:44:49:677 (00023332) > [Render] 		- Mode 99 : 1280 x 1024 @ 100 Hz, stereo = 0, hdr = 0 exclusive = 0
21:44:49:677 (00023332) > [Render] 		- Mode 100 : 1280 x 1024 @ 120 Hz, stereo = 0, hdr = 0 exclusive = 0
21:44:49:677 (00023332) > [Render] 		- Mode 101 : 1280 x 1024 @ 120 Hz, stereo = 0, hdr = 0 exclusive = 0
21:44:49:677 (00023332) > [Render] 		- Mode 102 : 1360 x  768 @  50 Hz, stereo = 0, hdr = 0 exclusive = 0
21:44:49:677 (00023332) > [Render] 		- Mode 103 : 1360 x  768 @  50 Hz, stereo = 0, hdr = 0 exclusive = 0
21:44:49:677 (00023332) > [Render] 		- Mode 104 : 1360 x  768 @  60 Hz, stereo = 0, hdr = 0 exclusive = 0
21:44:49:677 (00023332) > [Render] 		- Mode 105 : 1360 x  768 @  60 Hz, stereo = 0, hdr = 0 exclusive = 0
21:44:49:677 (00023332) > [Render] 		- Mode 106 : 1360 x  768 @ 120 Hz, stereo = 0, hdr = 0 exclusive = 0
21:44:49:677 (00023332) > [Render] 		- Mode 107 : 1360 x  768 @ 120 Hz, stereo = 0, hdr = 0 exclusive = 0
21:44:49:677 (00023332) > [Render] 		- Mode 108 : 1360 x  768 @ 144 Hz, stereo = 0, hdr = 0 exclusive = 0
21:44:49:677 (00023332) > [Render] 		- Mode 109 : 1360 x  768 @ 144 Hz, stereo = 0, hdr = 0 exclusive = 0
21:44:49:677 (00023332) > [Render] 		- Mode 110 : 1360 x  768 @  60 Hz, stereo = 0, hdr = 0 exclusive = 0
21:44:49:677 (00023332) > [Render] 		- Mode 111 : 1360 x  768 @  60 Hz, stereo = 0, hdr = 0 exclusive = 0
21:44:49:677 (00023332) > [Render] 		- Mode 112 : 1360 x  768 @  75 Hz, stereo = 0, hdr = 0 exclusive = 0
21:44:49:677 (00023332) > [Render] 		- Mode 113 : 1360 x  768 @  75 Hz, stereo = 0, hdr = 0 exclusive = 0
21:44:49:677 (00023332) > [Render] 		- Mode 114 : 1360 x  768 @ 100 Hz, stereo = 0, hdr = 0 exclusive = 0
21:44:49:677 (00023332) > [Render] 		- Mode 115 : 1360 x  768 @ 100 Hz, stereo = 0, hdr = 0 exclusive = 0
21:44:49:677 (00023332) > [Render] 		- Mode 116 : 1360 x  768 @ 120 Hz, stereo = 0, hdr = 0 exclusive = 0
21:44:49:677 (00023332) > [Render] 		- Mode 117 : 1360 x  768 @ 120 Hz, stereo = 0, hdr = 0 exclusive = 0
21:44:49:677 (00023332) > [Render] 		- Mode 118 : 1366 x  768 @  50 Hz, stereo = 0, hdr = 0 exclusive = 0
21:44:49:677 (00023332) > [Render] 		- Mode 119 : 1366 x  768 @  50 Hz, stereo = 0, hdr = 0 exclusive = 0
21:44:49:677 (00023332) > [Render] 		- Mode 120 : 1366 x  768 @  60 Hz, stereo = 0, hdr = 0 exclusive = 0
21:44:49:677 (00023332) > [Render] 		- Mode 121 : 1366 x  768 @  60 Hz, stereo = 0, hdr = 0 exclusive = 0
21:44:49:677 (00023332) > [Render] 		- Mode 122 : 1366 x  768 @ 120 Hz, stereo = 0, hdr = 0 exclusive = 0
21:44:49:677 (00023332) > [Render] 		- Mode 123 : 1366 x  768 @ 120 Hz, stereo = 0, hdr = 0 exclusive = 0
21:44:49:677 (00023332) > [Render] 		- Mode 124 : 1366 x  768 @ 144 Hz, stereo = 0, hdr = 0 exclusive = 0
21:44:49:677 (00023332) > [Render] 		- Mode 125 : 1366 x  768 @ 144 Hz, stereo = 0, hdr = 0 exclusive = 0
21:44:49:677 (00023332) > [Render] 		- Mode 126 : 1366 x  768 @  60 Hz, stereo = 0, hdr = 0 exclusive = 0
21:44:49:677 (00023332) > [Render] 		- Mode 127 : 1366 x  768 @  60 Hz, stereo = 0, hdr = 0 exclusive = 0
21:44:49:677 (00023332) > [Render] 		- Mode 128 : 1366 x  768 @  75 Hz, stereo = 0, hdr = 0 exclusive = 0
21:44:49:677 (00023332) > [Render] 		- Mode 129 : 1366 x  768 @  75 Hz, stereo = 0, hdr = 0 exclusive = 0
21:44:49:677 (00023332) > [Render] 		- Mode 130 : 1366 x  768 @ 100 Hz, stereo = 0, hdr = 0 exclusive = 0
21:44:49:677 (00023332) > [Render] 		- Mode 131 : 1366 x  768 @ 100 Hz, stereo = 0, hdr = 0 exclusive = 0
21:44:49:677 (00023332) > [Render] 		- Mode 132 : 1366 x  768 @ 120 Hz, stereo = 0, hdr = 0 exclusive = 0
21:44:49:677 (00023332) > [Render] 		- Mode 133 : 1366 x  768 @ 120 Hz, stereo = 0, hdr = 0 exclusive = 0
21:44:49:677 (00023332) > [Render] 		- Mode 134 : 1440 x  900 @  50 Hz, stereo = 0, hdr = 0 exclusive = 0
21:44:49:677 (00023332) > [Render] 		- Mode 135 : 1440 x  900 @  50 Hz, stereo = 0, hdr = 0 exclusive = 0
21:44:49:677 (00023332) > [Render] 		- Mode 136 : 1440 x  900 @  60 Hz, stereo = 0, hdr = 0 exclusive = 0
21:44:49:677 (00023332) > [Render] 		- Mode 137 : 1440 x  900 @  60 Hz, stereo = 0, hdr = 0 exclusive = 0
21:44:49:677 (00023332) > [Render] 		- Mode 138 : 1440 x  900 @ 120 Hz, stereo = 0, hdr = 0 exclusive = 0
21:44:49:677 (00023332) > [Render] 		- Mode 139 : 1440 x  900 @ 120 Hz, stereo = 0, hdr = 0 exclusive = 0
21:44:49:677 (00023332) > [Render] 		- Mode 140 : 1440 x  900 @ 144 Hz, stereo = 0, hdr = 0 exclusive = 0
21:44:49:677 (00023332) > [Render] 		- Mode 141 : 1440 x  900 @ 144 Hz, stereo = 0, hdr = 0 exclusive = 0
21:44:49:677 (00023332) > [Render] 		- Mode 142 : 1440 x  900 @  60 Hz, stereo = 0, hdr = 0 exclusive = 0
21:44:49:677 (00023332) > [Render] 		- Mode 143 : 1440 x  900 @  60 Hz, stereo = 0, hdr = 0 exclusive = 0
21:44:49:677 (00023332) > [Render] 		- Mode 144 : 1440 x  900 @  75 Hz, stereo = 0, hdr = 0 exclusive = 0
21:44:49:677 (00023332) > [Render] 		- Mode 145 : 1440 x  900 @  75 Hz, stereo = 0, hdr = 0 exclusive = 0
21:44:49:677 (00023332) > [Render] 		- Mode 146 : 1440 x  900 @ 100 Hz, stereo = 0, hdr = 0 exclusive = 0
21:44:49:677 (00023332) > [Render] 		- Mode 147 : 1440 x  900 @ 100 Hz, stereo = 0, hdr = 0 exclusive = 0
21:44:49:677 (00023332) > [Render] 		- Mode 148 : 1440 x  900 @ 120 Hz, stereo = 0, hdr = 0 exclusive = 0
21:44:49:677 (00023332) > [Render] 		- Mode 149 : 1440 x  900 @ 120 Hz, stereo = 0, hdr = 0 exclusive = 0
21:44:49:677 (00023332) > [Render] 		- Mode 150 : 1440 x 1080 @  50 Hz, stereo = 0, hdr = 0 exclusive = 0
21:44:49:677 (00023332) > [Render] 		- Mode 151 : 1440 x 1080 @  50 Hz, stereo = 0, hdr = 0 exclusive = 0
21:44:49:677 (00023332) > [Render] 		- Mode 152 : 1440 x 1080 @  60 Hz, stereo = 0, hdr = 0 exclusive = 0
21:44:49:677 (00023332) > [Render] 		- Mode 153 : 1440 x 1080 @  60 Hz, stereo = 0, hdr = 0 exclusive = 0
21:44:49:677 (00023332) > [Render] 		- Mode 154 : 1440 x 1080 @ 120 Hz, stereo = 0, hdr = 0 exclusive = 0
21:44:49:677 (00023332) > [Render] 		- Mode 155 : 1440 x 1080 @ 120 Hz, stereo = 0, hdr = 0 exclusive = 0
21:44:49:677 (00023332) > [Render] 		- Mode 156 : 1440 x 1080 @ 144 Hz, stereo = 0, hdr = 0 exclusive = 0
21:44:49:677 (00023332) > [Render] 		- Mode 157 : 1440 x 1080 @ 144 Hz, stereo = 0, hdr = 0 exclusive = 0
21:44:49:677 (00023332) > [Render] 		- Mode 158 : 1440 x 1080 @  60 Hz, stereo = 0, hdr = 0 exclusive = 0
21:44:49:677 (00023332) > [Render] 		- Mode 159 : 1440 x 1080 @  60 Hz, stereo = 0, hdr = 0 exclusive = 0
21:44:49:677 (00023332) > [Render] 		- Mode 160 : 1440 x 1080 @  75 Hz, stereo = 0, hdr = 0 exclusive = 0
21:44:49:677 (00023332) > [Render] 		- Mode 161 : 1440 x 1080 @  75 Hz, stereo = 0, hdr = 0 exclusive = 0
21:44:49:677 (00023332) > [Render] 		- Mode 162 : 1440 x 1080 @ 100 Hz, stereo = 0, hdr = 0 exclusive = 0
21:44:49:677 (00023332) > [Render] 		- Mode 163 : 1440 x 1080 @ 100 Hz, stereo = 0, hdr = 0 exclusive = 0
21:44:49:677 (00023332) > [Render] 		- Mode 164 : 1440 x 1080 @ 120 Hz, stereo = 0, hdr = 0 exclusive = 0
21:44:49:677 (00023332) > [Render] 		- Mode 165 : 1440 x 1080 @ 120 Hz, stereo = 0, hdr = 0 exclusive = 0
21:44:49:677 (00023332) > [Render] 		- Mode 166 : 1600 x  900 @  50 Hz, stereo = 0, hdr = 0 exclusive = 0
21:44:49:677 (00023332) > [Render] 		- Mode 167 : 1600 x  900 @  50 Hz, stereo = 0, hdr = 0 exclusive = 0
21:44:49:677 (00023332) > [Render] 		- Mode 168 : 1600 x  900 @  60 Hz, stereo = 0, hdr = 0 exclusive = 0
21:44:49:677 (00023332) > [Render] 		- Mode 169 : 1600 x  900 @  60 Hz, stereo = 0, hdr = 0 exclusive = 0
21:44:49:677 (00023332) > [Render] 		- Mode 170 : 1600 x  900 @ 120 Hz, stereo = 0, hdr = 0 exclusive = 0
21:44:49:677 (00023332) > [Render] 		- Mode 171 : 1600 x  900 @ 120 Hz, stereo = 0, hdr = 0 exclusive = 0
21:44:49:677 (00023332) > [Render] 		- Mode 172 : 1600 x  900 @ 144 Hz, stereo = 0, hdr = 0 exclusive = 0
21:44:49:677 (00023332) > [Render] 		- Mode 173 : 1600 x  900 @ 144 Hz, stereo = 0, hdr = 0 exclusive = 0
21:44:49:677 (00023332) > [Render] 		- Mode 174 : 1600 x  900 @  60 Hz, stereo = 0, hdr = 0 exclusive = 0
21:44:49:677 (00023332) > [Render] 		- Mode 175 : 1600 x  900 @  60 Hz, stereo = 0, hdr = 0 exclusive = 0
21:44:49:677 (00023332) > [Render] 		- Mode 176 : 1600 x  900 @  75 Hz, stereo = 0, hdr = 0 exclusive = 0
21:44:49:677 (00023332) > [Render] 		- Mode 177 : 1600 x  900 @  75 Hz, stereo = 0, hdr = 0 exclusive = 0
21:44:49:677 (00023332) > [Render] 		- Mode 178 : 1600 x  900 @ 100 Hz, stereo = 0, hdr = 0 exclusive = 0
21:44:49:677 (00023332) > [Render] 		- Mode 179 : 1600 x  900 @ 100 Hz, stereo = 0, hdr = 0 exclusive = 0
21:44:49:677 (00023332) > [Render] 		- Mode 180 : 1600 x  900 @ 120 Hz, stereo = 0, hdr = 0 exclusive = 0
21:44:49:677 (00023332) > [Render] 		- Mode 181 : 1600 x  900 @ 120 Hz, stereo = 0, hdr = 0 exclusive = 0
21:44:49:677 (00023332) > [Render] 		- Mode 182 : 1600 x 1024 @  50 Hz, stereo = 0, hdr = 0 exclusive = 0
21:44:49:677 (00023332) > [Render] 		- Mode 183 : 1600 x 1024 @  50 Hz, stereo = 0, hdr = 0 exclusive = 0
21:44:49:678 (00023332) > [Render] 		- Mode 184 : 1600 x 1024 @  60 Hz, stereo = 0, hdr = 0 exclusive = 0
21:44:49:678 (00023332) > [Render] 		- Mode 185 : 1600 x 1024 @  60 Hz, stereo = 0, hdr = 0 exclusive = 0
21:44:49:678 (00023332) > [Render] 		- Mode 186 : 1600 x 1024 @ 120 Hz, stereo = 0, hdr = 0 exclusive = 0
21:44:49:678 (00023332) > [Render] 		- Mode 187 : 1600 x 1024 @ 120 Hz, stereo = 0, hdr = 0 exclusive = 0
21:44:49:678 (00023332) > [Render] 		- Mode 188 : 1600 x 1024 @ 144 Hz, stereo = 0, hdr = 0 exclusive = 0
21:44:49:678 (00023332) > [Render] 		- Mode 189 : 1600 x 1024 @ 144 Hz, stereo = 0, hdr = 0 exclusive = 0
21:44:49:678 (00023332) > [Render] 		- Mode 190 : 1600 x 1024 @  60 Hz, stereo = 0, hdr = 0 exclusive = 0
21:44:49:678 (00023332) > [Render] 		- Mode 191 : 1600 x 1024 @  60 Hz, stereo = 0, hdr = 0 exclusive = 0
21:44:49:678 (00023332) > [Render] 		- Mode 192 : 1600 x 1024 @  75 Hz, stereo = 0, hdr = 0 exclusive = 0
21:44:49:678 (00023332) > [Render] 		- Mode 193 : 1600 x 1024 @  75 Hz, stereo = 0, hdr = 0 exclusive = 0
21:44:49:678 (00023332) > [Render] 		- Mode 194 : 1600 x 1024 @ 100 Hz, stereo = 0, hdr = 0 exclusive = 0
21:44:49:678 (00023332) > [Render] 		- Mode 195 : 1600 x 1024 @ 100 Hz, stereo = 0, hdr = 0 exclusive = 0
21:44:49:678 (00023332) > [Render] 		- Mode 196 : 1600 x 1024 @ 120 Hz, stereo = 0, hdr = 0 exclusive = 0
21:44:49:678 (00023332) > [Render] 		- Mode 197 : 1600 x 1024 @ 120 Hz, stereo = 0, hdr = 0 exclusive = 0
21:44:49:678 (00023332) > [Render] 		- Mode 198 : 1680 x 1050 @  50 Hz, stereo = 0, hdr = 0 exclusive = 0
21:44:49:678 (00023332) > [Render] 		- Mode 199 : 1680 x 1050 @  50 Hz, stereo = 0, hdr = 0 exclusive = 0
21:44:49:678 (00023332) > [Render] 		- Mode 200 : 1680 x 1050 @  60 Hz, stereo = 0, hdr = 0 exclusive = 0
21:44:49:678 (00023332) > [Render] 		- Mode 201 : 1680 x 1050 @  60 Hz, stereo = 0, hdr = 0 exclusive = 0
21:44:49:678 (00023332) > [Render] 		- Mode 202 : 1680 x 1050 @ 120 Hz, stereo = 0, hdr = 0 exclusive = 0
21:44:49:678 (00023332) > [Render] 		- Mode 203 : 1680 x 1050 @ 120 Hz, stereo = 0, hdr = 0 exclusive = 0
21:44:49:678 (00023332) > [Render] 		- Mode 204 : 1680 x 1050 @ 144 Hz, stereo = 0, hdr = 0 exclusive = 0
21:44:49:678 (00023332) > [Render] 		- Mode 205 : 1680 x 1050 @ 144 Hz, stereo = 0, hdr = 0 exclusive = 0
21:44:49:678 (00023332) > [Render] 		- Mode 206 : 1680 x 1050 @  60 Hz, stereo = 0, hdr = 0 exclusive = 0
21:44:49:678 (00023332) > [Render] 		- Mode 207 : 1680 x 1050 @  60 Hz, stereo = 0, hdr = 0 exclusive = 0
21:44:49:678 (00023332) > [Render] 		- Mode 208 : 1680 x 1050 @  75 Hz, stereo = 0, hdr = 0 exclusive = 0
21:44:49:678 (00023332) > [Render] 		- Mode 209 : 1680 x 1050 @  75 Hz, stereo = 0, hdr = 0 exclusive = 0
21:44:49:678 (00023332) > [Render] 		- Mode 210 : 1680 x 1050 @ 100 Hz, stereo = 0, hdr = 0 exclusive = 0
21:44:49:678 (00023332) > [Render] 		- Mode 211 : 1680 x 1050 @ 100 Hz, stereo = 0, hdr = 0 exclusive = 0
21:44:49:678 (00023332) > [Render] 		- Mode 212 : 1680 x 1050 @ 120 Hz, stereo = 0, hdr = 0 exclusive = 0
21:44:49:678 (00023332) > [Render] 		- Mode 213 : 1680 x 1050 @ 120 Hz, stereo = 0, hdr = 0 exclusive = 0
21:44:49:678 (00023332) > [Render] 		- Mode 214 : 1920 x 1080 @  50 Hz, stereo = 0, hdr = 0 exclusive = 0
21:44:49:678 (00023332) > [Render] 		- Mode 215 : 1920 x 1080 @  60 Hz, stereo = 0, hdr = 0 exclusive = 0
21:44:49:678 (00023332) > [Render] 		- Mode 216 : 1920 x 1080 @ 120 Hz, stereo = 0, hdr = 0 exclusive = 0
21:44:49:678 (00023332) > [Render] 		- Mode 217 : 1920 x 1080 @ 144 Hz, stereo = 0, hdr = 0 exclusive = 0
21:44:49:678 (00023332) > [Render] 		- Mode 218 : 1920 x 1080 @  60 Hz, stereo = 0, hdr = 0 exclusive = 0
21:44:49:678 (00023332) > [Render] 		- Mode 219 : 1920 x 1080 @  75 Hz, stereo = 0, hdr = 0 exclusive = 0
21:44:49:678 (00023332) > [Render] 		- Mode 220 : 1920 x 1080 @ 100 Hz, stereo = 0, hdr = 0 exclusive = 0
21:44:49:678 (00023332) > [Render] 		- Mode 221 : 1920 x 1080 @ 120 Hz, stereo = 0, hdr = 0 exclusive = 0
21:44:49:678 (00023332) > [Render] ***** Additional Monitor Output Info *****
21:44:49:678 (00023332) > [Render] 		BitsPerColor: 8
21:44:49:678 (00023332) > [Render] 		Primaries: R=0.6641;0.3086  G=0.2754;0.6699  B=0.1543;0.0508  White-Point=0.3135;0.3291
21:44:49:678 (00023332) > [Render] 		HDR: No (Color Space: DXGI_COLOR_SPACE_RGB_FULL_G22_NONE_P709)
21:44:49:678 (00023332) > [Render] 		Luminance: Min=0.5000 Max=270.0000 MaxFullFrame=270.0000
21:44:49:678 (00023332) > [Render] ******************************************
21:44:49:678 (00023332) > [Render] 	Monitor '2 (NVIDIA GeForce RTX 4060 Ti(1))' (0000000000010003): rect(1920 3840 0 1080)
21:44:49:678 (00023332) > [Render] 		- Mode  0 :  800 x  600 @  56 Hz, stereo = 0, hdr = 0 exclusive = 0
21:44:49:678 (00023332) > [Render] 		- Mode  1 :  800 x  600 @  60 Hz, stereo = 0, hdr = 0 exclusive = 0
21:44:49:678 (00023332) > [Render] 		- Mode  2 :  800 x  600 @  72 Hz, stereo = 0, hdr = 0 exclusive = 0
21:44:49:678 (00023332) > [Render] 		- Mode  3 : 1024 x  768 @  60 Hz, stereo = 0, hdr = 0 exclusive = 0
21:44:49:678 (00023332) > [Render] 		- Mode  4 : 1024 x  768 @  70 Hz, stereo = 0, hdr = 0 exclusive = 0
21:44:49:678 (00023332) > [Render] 		- Mode  5 : 1152 x  864 @  60 Hz, stereo = 0, hdr = 0 exclusive = 0
21:44:49:678 (00023332) > [Render] 		- Mode  6 : 1152 x  864 @  60 Hz, stereo = 0, hdr = 0 exclusive = 0
21:44:49:678 (00023332) > [Render] 		- Mode  7 : 1176 x  664 @  50 Hz, stereo = 0, hdr = 0 exclusive = 0
21:44:49:678 (00023332) > [Render] 		- Mode  8 : 1176 x  664 @  50 Hz, stereo = 0, hdr = 0 exclusive = 0
21:44:49:678 (00023332) > [Render] 		- Mode  9 : 1176 x  664 @  60 Hz, stereo = 0, hdr = 0 exclusive = 0
21:44:49:678 (00023332) > [Render] 		- Mode 10 : 1176 x  664 @  60 Hz, stereo = 0, hdr = 0 exclusive = 0
21:44:49:678 (00023332) > [Render] 		- Mode 11 : 1176 x  664 @  60 Hz, stereo = 0, hdr = 0 exclusive = 0
21:44:49:678 (00023332) > [Render] 		- Mode 12 : 1176 x  664 @  60 Hz, stereo = 0, hdr = 0 exclusive = 0
21:44:49:678 (00023332) > [Render] 		- Mode 13 : 1280 x  720 @  50 Hz, stereo = 0, hdr = 0 exclusive = 0
21:44:49:678 (00023332) > [Render] 		- Mode 14 : 1280 x  720 @  60 Hz, stereo = 0, hdr = 0 exclusive = 0
21:44:49:678 (00023332) > [Render] 		- Mode 15 : 1280 x  720 @  60 Hz, stereo = 0, hdr = 0 exclusive = 0
21:44:49:678 (00023332) > [Render] 		- Mode 16 : 1280 x  768 @  60 Hz, stereo = 0, hdr = 0 exclusive = 0
21:44:49:678 (00023332) > [Render] 		- Mode 17 : 1280 x  768 @  60 Hz, stereo = 0, hdr = 0 exclusive = 0
21:44:49:678 (00023332) > [Render] 		- Mode 18 : 1280 x  800 @  60 Hz, stereo = 0, hdr = 0 exclusive = 0
21:44:49:678 (00023332) > [Render] 		- Mode 19 : 1280 x  960 @  60 Hz, stereo = 0, hdr = 0 exclusive = 0
21:44:49:678 (00023332) > [Render] 		- Mode 20 : 1280 x  960 @  60 Hz, stereo = 0, hdr = 0 exclusive = 0
21:44:49:678 (00023332) > [Render] 		- Mode 21 : 1280 x 1024 @  60 Hz, stereo = 0, hdr = 0 exclusive = 0
21:44:49:678 (00023332) > [Render] 		- Mode 22 : 1360 x  768 @  60 Hz, stereo = 0, hdr = 0 exclusive = 0
21:44:49:678 (00023332) > [Render] 		- Mode 23 : 1360 x  768 @  60 Hz, stereo = 0, hdr = 0 exclusive = 0
21:44:49:678 (00023332) > [Render] 		- Mode 24 : 1366 x  768 @  60 Hz, stereo = 0, hdr = 0 exclusive = 0
21:44:49:678 (00023332) > [Render] 		- Mode 25 : 1366 x  768 @  60 Hz, stereo = 0, hdr = 0 exclusive = 0
21:44:49:678 (00023332) > [Render] 		- Mode 26 : 1440 x  900 @  60 Hz, stereo = 0, hdr = 0 exclusive = 0
21:44:49:678 (00023332) > [Render] 		- Mode 27 : 1440 x 1080 @  50 Hz, stereo = 0, hdr = 0 exclusive = 0
21:44:49:678 (00023332) > [Render] 		- Mode 28 : 1440 x 1080 @  50 Hz, stereo = 0, hdr = 0 exclusive = 0
21:44:49:678 (00023332) > [Render] 		- Mode 29 : 1440 x 1080 @  60 Hz, stereo = 0, hdr = 0 exclusive = 0
21:44:49:678 (00023332) > [Render] 		- Mode 30 : 1440 x 1080 @  60 Hz, stereo = 0, hdr = 0 exclusive = 0
21:44:49:678 (00023332) > [Render] 		- Mode 31 : 1440 x 1080 @  60 Hz, stereo = 0, hdr = 0 exclusive = 0
21:44:49:678 (00023332) > [Render] 		- Mode 32 : 1440 x 1080 @  60 Hz, stereo = 0, hdr = 0 exclusive = 0
21:44:49:678 (00023332) > [Render] 		- Mode 33 : 1600 x  900 @  60 Hz, stereo = 0, hdr = 0 exclusive = 0
21:44:49:678 (00023332) > [Render] 		- Mode 34 : 1600 x 1024 @  60 Hz, stereo = 0, hdr = 0 exclusive = 0
21:44:49:678 (00023332) > [Render] 		- Mode 35 : 1600 x 1024 @  60 Hz, stereo = 0, hdr = 0 exclusive = 0
21:44:49:678 (00023332) > [Render] 		- Mode 36 : 1680 x 1050 @  60 Hz, stereo = 0, hdr = 0 exclusive = 0
21:44:49:678 (00023332) > [Render] 		- Mode 37 : 1920 x 1080 @  50 Hz, stereo = 0, hdr = 0 exclusive = 0
21:44:49:678 (00023332) > [Render] 		- Mode 38 : 1920 x 1080 @  60 Hz, stereo = 0, hdr = 0 exclusive = 0
21:44:49:678 (00023332) > [Render] 		- Mode 39 : 1920 x 1080 @  60 Hz, stereo = 0, hdr = 0 exclusive = 0
21:44:49:678 (00023332) > [Render] ***** Additional Monitor Output Info *****
21:44:49:678 (00023332) > [Render] 		BitsPerColor: 8
21:44:49:678 (00023332) > [Render] 		Primaries: R=0.6455;0.3369  G=0.3281;0.6152  B=0.1465;0.0557  White-Point=0.3135;0.3291
21:44:49:678 (00023332) > [Render] 		HDR: No (Color Space: DXGI_COLOR_SPACE_RGB_FULL_G22_NONE_P709)
21:44:49:678 (00023332) > [Render] 		Luminance: Min=0.5000 Max=270.0000 MaxFullFrame=270.0000
21:44:49:678 (00023332) > [Render] ******************************************
21:44:49:678 (00023332) > [Render] 
21:44:50:039 (00023332) > [NxReflex] Reflex support result:Result::eOk
21:44:50:039 (00023332) > [NxReflex] Reflex GetState result:Result::eErrorNotInitialized
21:44:50:040 (00023332) > [NxReflex] DLSSG support result:Result::eOk
21:44:50:040 (00023332) > [NxApp] Querying GPU Driver Info...
21:44:50:040 (00023332) > [NxApp] Enumerating available display adapters:
21:44:50:090 (00023332) > [NxApp] 		NVIDIA GeForce RTX 4060 Ti (active)
21:44:50:090 (00023332) > [NxApp] Successfully found GPU Driver Info
21:44:50:090 (00023332) > [D3D] Max supported feature level: 11.0
21:44:50:090 (00023332) > [Render] Disabled D3D12 experimentals
21:44:50:355 (00023332) > [Render] VMEM Budget: 15341 MB
21:44:50:355 (00023332) > [Render] VMEM Available: 15328 MB
21:44:53:068 (00023332) > [Render] GPU node count: 1
21:44:53:117 (00023332) > [NxFfx] Anti-Lag2 not supported. Error code (-2147024809)
21:44:53:117 (00023332) > [NxReflex] Reflex support result:Result::eOk
21:44:53:118 (00023332) > [NxReflex] Reflex GetState result:Result::eOk
21:44:53:118 (00023332) > [NxApp] PreInit successful.
21:44:53:118 (00023332) > [NxUpscaler] SL DLSS support: Result::eOk
21:44:53:118 (00023332) > [NxUpscaler] XeSS init, code = 0
21:44:53:123 (00023332) > [Input] Keyboard language: "English (United States)" (id: 1033)
21:44:53:124 (00023332) > [Input] Keyboard physical layout: "US" (id: 00000409)
21:44:53:124 (00023332) > [Input] Joystick            ""   product 3 vendor 9649 version 256 usage 1 usagePage 12 xinput no
21:44:53:124 (00023332) > [Input] Mouse               "HID-compliant mouse"   id 256 buttons 5 sampleRate 0 horizontalWheel no
21:44:53:124 (00023332) > [Input] Keyboard            "HID Keyboard Device"   type 81 subType 0 mode 1 function 12 indicators 3 total 110
21:44:53:124 (00023332) > [Input] Joystick            ""   product 62726 vendor 1241 version 307 usage 1 usagePage 65440 xinput no
21:44:53:124 (00023332) > [Input] Joystick            ""   product 62726 vendor 1241 version 307 usage 1 usagePage 12 xinput no
21:44:53:124 (00023332) > [Input] Joystick            ""   product 4102 vendor 9610 version 8261 usage 1 usagePage 12 xinput no
21:44:53:124 (00023332) > [Input] Keyboard            "HID Keyboard Device"   type 81 subType 0 mode 1 function 12 indicators 3 total 264
21:44:53:124 (00023332) > [Input] Keyboard            "HID Keyboard Device"   type 81 subType 0 mode 1 function 12 indicators 3 total 56
21:44:53:124 (00023332) > [Input] Keyboard            "HID Keyboard Device"   type 81 subType 0 mode 1 function 12 indicators 3 total 56
21:44:53:124 (00023332) > [Input] Keyboard            "HID Keyboard Device"   type 81 subType 0 mode 1 function 12 indicators 3 total 56
21:44:53:124 (00023332) > [Input] Keyboard            "HID Keyboard Device"   type 81 subType 0 mode 1 function 12 indicators 3 total 264
21:44:53:124 (00023332) > [Input] Keyboard            "HID Keyboard Device"   type 81 subType 0 mode 1 function 12 indicators 3 total 154
21:44:53:124 (00023332) > [Input] Mouse               "HID-compliant mouse"   id 256 buttons 16 sampleRate 0 horizontalWheel no
21:44:53:125 (00023332) > [Input] Could not initialize Windows.Gaming.Input
21:44:53:127 (00023332) > [Input] Trying to load libScePad from C:\ProgramData\Sony Interactive Entertainment Inc\PSPC_SDK\S22\4.50.00.09\libScePad.dll
21:44:53:132 (00023332) > [Input] Using LibScePad
21:44:53:133 (00023332) > [XInput] Enumerating available xusb hid devices:

21:44:55:543 (00023332) > [NxReflex] Reflex support result:Result::eOk
21:44:55:543 (00023332) > [NxReflex] Reflex GetState result:Result::eOk
21:44:55:550 (00023332) > [NxReflex] DLSSG support result:Result::eOk
21:44:55:551 (00023332) > [NxApp] Driver Desc: NVIDIA GeForce RTX 4060 Ti
21:44:55:551 (00023332) > [NxApp] Driver Version: 581.08
21:44:55:551 (00023332) > [**************************************************Display + Graphics Settings**************************************************] 
21:44:55:551 (00023332) > [Settings] DirectX Version: 12
21:44:55:551 (00023332) > [Settings] Window mode: Fullscreen
21:44:55:551 (00023332) > [Settings] Fullscreen display mode:
21:44:55:551 (00023332) > [Settings] 	Displaying on monitor: 0
21:44:55:551 (00023332) > [Settings] 	Resolution: 1920x1080
21:44:55:551 (00023332) > [Settings] 	Forced Aspect Ratio: 16:9
21:44:55:551 (00023332) > [Settings] 	HDR: Off
21:44:55:551 (00023332) > [Settings] 	OS reported Refresh rate: 144
21:44:55:551 (00023332) > [Settings] 	VSync: Off
21:44:55:551 (00023332) > [Settings] 	Reflex: Low Latency with Boost
21:44:55:551 (00023332) > [Settings] 	Anti-Lag2: Off
21:44:55:551 (00023332) > [Settings] 	Frame generation: DLSSG
21:44:55:551 (00023332) > [Settings] 	Dynamic resolution FPS target: 0
21:44:55:551 (00023332) > [Settings] Anti aliasing: DLAA
21:44:55:551 (00023332) > [Settings] Upscale method: None
21:44:55:551 (00023332) > [Settings] Upscale quality: Quality
21:44:55:551 (00023332) > [Settings] Graphics Options:
21:44:55:551 (00023332) > [Settings] 	Texture Quality: Ultra
21:44:55:551 (00023332) > [Settings] 	Texture Filtering: Anisotropic16x
21:44:55:551 (00023332) > [Settings] 	Shadow Quality: Ultra
21:44:55:551 (00023332) > [Settings] 	Depth of Field: VeryHigh
21:44:55:551 (00023332) > [Settings] 	Level of Detail: VeryHigh
21:44:55:551 (00023332) > [Settings] 	Terrain Detail: High
21:44:55:551 (00023332) > [Settings] 	Ambient Occlusion: XeGTAO
21:44:55:551 (00023332) > [Settings] 	Screen Space Reflections: Full Res
21:44:55:551 (00023332) > [Settings] 	Screen Space Shadows: Very High
21:44:55:551 (00023332) > [Settings] 	Volumetric Fog: Ultra
21:44:55:551 (00023332) > [Settings] 	Bloom: On
21:44:55:551 (00023332) > [Settings] 	Vignette: On
21:44:55:551 (00023332) > [Settings] 	Caustics: On
21:44:55:551 (00023332) > [Settings] 	Motion Blur: 0.451000
21:44:55:551 (00023332) > [Settings] 	FOV Correction: 1.049000
21:44:55:551 (00023332) > [**************************************************Display + Graphics Settings**************************************************] 
21:44:55:551 (00023332) > [Startup] Creating compute command queue of type 2
21:44:55:577 (00023332) > [Startup] Creating copy command queue of type 3
21:44:55:587 (00023332) > [NxApp] Creating window...
21:44:55:591 (00001644) > [GameWindow] UpdateState bVisible true
21:44:55:603 (00023332) > [NxApp] Window created.
21:44:55:603 (00023332) > [NxApp] Initializing swapchain...
21:44:55:603 (00028024) > [SwapChain] Creating...
21:44:55:603 (00028024) > [NxSwapChainImpl] Swapchain native backbuffer (windows) resolution: 1920x1080
21:44:55:603 (00028024) > [Upscaler] ConvertScreenToRenderRes: wxh = 1920x1080 | min = 960x540 | max =  1920x1080
21:44:55:681 (00028024) > [DXGI] Created swapchain.
21:44:55:689 (00028024) > [SwapChain] Gamma correction is enabled.
21:44:55:689 (00028024) > [SwapChain] Successfully created.
21:44:55:689 (00028024) > [NxSwapChainImpl] Swapchain native backbuffer (windows) resolution: 1920x1080
21:44:55:689 (00028024) > [Upscaler] ConvertScreenToRenderRes: wxh = 1920x1080 | min = 960x540 | max =  1920x1080
21:44:55:689 (00023332) > [NxApp] Swapchain initialized
21:44:55:689 (00023332) > [NxApp] Initializing renderer...
21:44:55:689 (00023332) > [NxApp] Renderer initialized
21:44:55:691 (00023332) > [NxStorage] Detected device at 'd:\steamlibrary\steamapps\common\ghost of tsushima director's cut', name 'WDC WD1002FBYS-02A6B0', SSD: No, NVMe: No
21:44:55:805 (00023332) > [NxStorage] DirectStorage initialization succeeded
21:44:55:805 (00023332) > [CJobManager] Creating  10 worker threads, run on  11 cores
21:44:55:852 (00023332) > [Render] Pipeline cache C:\Users\<username>\AppData\Roaming\Sucker Punch Productions\Ghost of Tsushima DIRECTOR'S CUT\\user.pso read succesfully, read 1435 pipelines, found 0 duplicates.
21:44:55:866 (00023332) > [Render] Pipeline cache default.pso read succesfully, read 16192 pipelines, found 1433 duplicates.
21:44:57:840 (00023332) > [Steam] Stats received: 1
21:44:57:840 (00023332) > [SteamController] Controller -1040547625 Major Revision 0 Minior Revision 0 assigned to index 1
21:44:57:840 (00023332) > [SteamController] ControllerConnected : true handle : 3888683824087255 index : 1
21:44:57:840 (00023332) > [Input] Gamepads connected: 0 -> 1
21:44:57:840 (00023332) > [Input] Gamepad for main player: 8
21:45:01:846 (00023332) > [SteamControllerAPI] Action Origin  changed for 3888683824087255 SteamInput_Circle from 246 to 0
21:45:01:846 (00023332) > [SteamController] OriginList changed for 3888683824087255 
21:45:01:853 (00023332) > [SteamControllerAPI] Action Origin  changed for 3888683824087255 SteamInput_Circle from 0 to 246
21:45:01:853 (00023332) > [SteamController] OriginList changed for 3888683824087255 
21:45:48:893 (00028248) > [Render] Quering NVAPI for GPU temperature
21:45:48:894 (00028248) > [Render] Working set: 4794MB Page file: 9276MB Video Budget: 15341MB Video Usage: 3760MB Sys Budget: 7490MB Sys Usage: 432MB Demoted: 0MB fps: 60.2
21:46:48:904 (00028248) > [Render] Quering NVAPI for GPU temperature
21:46:48:904 (00028248) > [Render] Working set: 6022MB Page file: 11711MB Video Budget: 15341MB Video Usage: 4876MB Sys Budget: 7490MB Sys Usage: 453MB Demoted: 0MB fps: 64.0
21:47:48:896 (00028248) > [Render] Quering NVAPI for GPU temperature
21:47:48:896 (00028248) > [Render] Working set: 6132MB Page file: 11846MB Video Budget: 15341MB Video Usage: 4940MB Sys Budget: 7490MB Sys Usage: 455MB Demoted: 0MB fps: 84.9
21:48:48:902 (00028248) > [Render] Quering NVAPI for GPU temperature
21:48:48:902 (00028248) > [Render] Working set: 6275MB Page file: 12432MB Video Budget: 15341MB Video Usage: 5322MB Sys Budget: 7490MB Sys Usage: 526MB Demoted: 0MB fps: 64.9
21:49:48:894 (00028248) > [Render] Quering NVAPI for GPU temperature
21:49:48:894 (00028248) > [Render] Working set: 6323MB Page file: 12512MB Video Budget: 15341MB Video Usage: 5353MB Sys Budget: 7490MB Sys Usage: 528MB Demoted: 0MB fps: 52.0
21:49:50:152 (00020628) > [SCE] PSPC watchdog.... reinitializing the sdk
21:49:50:153 (00023332) > [NxApp] Destroying
21:49:50:289 (00023332) > [DXGI] Destroyed swapchain.
21:49:50:289 (00023332) > [SwapChain] Destroyed.
21:49:50:289 (00023332) > [SwapChain] Released.
21:49:50:289 (00023332) > [NxUpscaler] XeSS shutdown failed, error code = -8
21:49:50:295 (00023332) > [Render] Unloading NVAPI
21:49:50:296 (00023332) > [Render] Done unloading NVAPI
21:49:50:296 (00023332) > [DXGI] Destroyed swapchain.
21:49:50:296 (00023332) > [DXGI] Released.
--- NIXXES log closed ---
